// Jest Snapshot v1, https://goo.gl/fbAQLP

exports[`PanelTable should render collapsed 1`] = `
<DocumentFragment>
  <div
    style="opacity: 1; transition: all 0.3s ease-in 0s;"
  >
    <div
      class="css-35hooo"
    >
      <div
        class="css-1o2m3ez"
      >
        <button
          class="css-1hixbz5"
          style="border: 1px solid #516391; border-radius: 2px; padding: 3px 5px; display: inline-block; font-size: 10px; line-height: 12px; width: 20px; text-align: center; margin-right: 10px;"
          title="Toggle field table"
          type="button"
        >
          +
        </button>
        <button
          class="css-1hixbz5"
          style="border: 1px solid #516391; border-radius: 2px; padding: 3px 5px; display: inline-block; font-size: 10px; line-height: 12px; text-align: center; margin-right: 10px; cursor: not-allowed; background: rgb(81, 99, 145);"
          title="Scroll into view"
          type="button"
        >
          Custom
        </button>
      </div>
      <div
        class="css-k7v4nu"
      >
        test
      </div>
    </div>
  </div>
</DocumentFragment>
`;
